<project name="A3" default="junit" basedir=".">
  <description>
    simple example build file
  </description>
  <!-- set global properties for this build -->
  <property name="src" location="src/"/>
  <property name="build" location="build"/>
  <property name="doc" location="doc"/>
  <property name="lib" location="lib"/>
  <property name="test" location="test"/>


   <path id="lib.path">
    <fileset dir="${lib}">
      <include name="**/*.jar"/>
    </fileset>
  </path>
  
  <target name="init">
    <tstamp/><!-- Create the time stamp -->
    <mkdir dir="${build}"/>   <!-- Create the build directory -->
    <mkdir dir="${doc}"/>   <!-- Create the doc directory -->

  </target>

  <target name="compile" depends="init" 
        description="compile the source">
    <javac classpath="build" classpathref="lib.path" includeantruntime="false" srcdir="${src}" destdir="${build}"/>
<echo message="Put the command line for running your code here" />
  </target>

    <target name="junitcompile" depends="compile" 
        description="compile the unit tests">
    <javac classpath="build" classpathref="lib.path" includeantruntime="false" srcdir="${test}" destdir="${build}"/>

  </target>

  <target name="clean"
        description="clean up">
    <delete dir="${build}"/>
  </target>

<target name="junit" depends="junitcompile" description="Run test">
    <java classpath="build" classpathref="lib.path" classname="dndtest.TestRunner"/>
</target>

</project>